
> web-porto@0.0.0 build
> vite build

[36mvite v7.3.1 [32mbuilding client environment for production...[36m[39m
transforming...
node.exe : 
At line:1 char:1
+ & "C:\Program 
Files\nodejs/node.exe" 
"C:\Users\USER\AppData\
Roaming\n ...
+ ~~~~~~~~~~~~~~~~~~~~~
~~~~~~~~~~~~~~~~~~~~~~~
~~~~~~~~~~~~~~~~~~~~~~~
~~
    + CategoryInfo     
         : NotSpecifi  
  ed: (:String) [],    
 RemoteException
    + FullyQualifiedEr 
   rorId : NativeComm  
  andError
 
/images/cursor-pointer.
png referenced in /imag
es/cursor-pointer.png 
didn't resolve at 
build time, it will 
remain unchanged to be 
resolved at runtime
[33msrc/components/Thr
eeBackground.vue 
(6:9): Error when 
using sourcemap for 
reporting an error: 
Can't resolve original 
location of error.[39m
[32mΓ£ô[39m 67 modules transformed.
[31mΓ£ù[39m Build 
failed in 3.68s
[31merror during 
build:
[31msrc/components/Thr
eeBackground.vue 
(6:9): "useRenderLoop" 
is not exported by "nod
e_modules/@tresjs/core/
dist/tres.js", 
imported by "src/compon
ents/ThreeBackground.vu
e".[31m
file: 
[36mD:/Porto/Web Porto
/src/components/ThreeBa
ckground.vue:6:9[31m
[33m
4: 
5: import { ref, 
watch, onMounted, 
onUnmounted } from 
'vue'
6: import { 
useRenderLoop } from 
'@tresjs/core'
            ^
[31m
    at getRollupError (
file:///D:/Porto/Web%20
Porto/node_modules/roll
up/dist/es/shared/parse
Ast.js:402:41)
    at error (file:///D
:/Porto/Web%20Porto/nod
e_modules/rollup/dist/e
s/shared/parseAst.js:39
8:42)
    at Module.error (fi
le:///D:/Porto/Web%20Po
rto/node_modules/rollup
/dist/es/shared/node-en
try.js:17040:16)
    at 
Module.traceVariable (f
ile:///D:/Porto/Web%20P
orto/node_modules/rollu
p/dist/es/shared/node-e
ntry.js:17452:29)
    at ModuleScope.find
Variable (file:///D:/Po
rto/Web%20Porto/node_mo
dules/rollup/dist/es/sh
ared/node-entry.js:1507
0:39)
    at ChildScope.findV
ariable (file:///D:/Por
to/Web%20Porto/node_mod
ules/rollup/dist/es/sha
red/node-entry.js:5673:
38)
    at FunctionScope.fi
ndVariable (file:///D:/
Porto/Web%20Porto/node_
modules/rollup/dist/es/
shared/node-entry.js:56
73:38)
    at FunctionBodyScop
e.findVariable (file://
/D:/Porto/Web%20Porto/n
ode_modules/rollup/dist
/es/shared/node-entry.j
s:5673:38)
    at Identifier.bind 
(file:///D:/Porto/Web%2
0Porto/node_modules/rol
lup/dist/es/shared/node
-entry.js:5447:40)
    at 
CallExpression.bind (fi
le:///D:/Porto/Web%20Po
rto/node_modules/rollup
/dist/es/shared/node-en
try.js:2829:23)[39m
